chain honey-drizzle: i2v...
honey-drizzle: submitted
honey-drizzle: processing
honey-drizzle: processing
honey-drizzle: processing
honey-drizzle: processing
honey-drizzle: processing
honey-drizzle: processing
honey-drizzle: processing
honey-drizzle: processing
honey-drizzle: processing
honey-drizzle: processing
honey-drizzle: processing
honey-drizzle: processing
honey-drizzle: succeed
DONE honey-drizzle
chain berry-drop: i2v...
berry-drop: submitted
berry-drop: submitted
berry-drop: processing
berry-drop: processing
berry-drop: processing
berry-drop: processing
berry-drop: processing
berry-drop: processing
berry-drop: processing
berry-drop: processing
berry-drop: processing
berry-drop: processing
berry-drop: processing
berry-drop: succeed
DONE berry-drop
chain thick-scoop: i2v...
thick-scoop: submitted
thick-scoop: processing
thick-scoop: processing
thick-scoop: processing
thick-scoop: processing
thick-scoop: processing
thick-scoop: processing
thick-scoop: processing
thick-scoop: processing
thick-scoop: succeed
DONE thick-scoop
chain muse-window: i2v...
muse-window: submitted
muse-window: processing
muse-window: processing
muse-window: processing
muse-window: processing
muse-window: processing
muse-window: processing
muse-window: processing
muse-window: processing
muse-window: processing
muse-window: succeed
DONE muse-window
ALL CHAINS DONE
