##### legend-babushka-en #####
Generating shot 1...
s1: submitted
s1: submitted
s1: processing
s1: processing
s1: processing
s1: processing
s1: processing
s1: processing
s1: processing
s1: processing
s1: processing
s1: processing
s1: processing
s1: processing
s1: processing
s1: processing
s1: processing
s1: processing
s1: processing
s1: processing
s1: processing
s1: processing
s1: processing
s1: processing
s1: succeed
DONE s1
Generating shot 2...
s2: submitted
s2: submitted
s2: submitted
s2: submitted
s2: submitted
s2: submitted
s2: submitted
s2: submitted
s2: submitted
s2: submitted
s2: submitted
s2: submitted
s2: submitted
s2: submitted
s2: submitted
s2: submitted
s2: submitted
s2: submitted
s2: submitted
s2: submitted
s2: submitted
s2: submitted
s2: submitted
s2: submitted
s2: submitted
s2: submitted
s2: submitted
s2: submitted
s2: submitted
s2: submitted
s2: submitted
s2: submitted
s2: submitted
s2: submitted
s2: submitted
s2: submitted
s2: submitted
s2: submitted
s2: submitted
s2: submitted
s2: submitted
s2: submitted
s2: submitted
s2: submitted
s2: submitted
s2: submitted
s2: submitted
s2: submitted
s2: submitted
s2: submitted
s2: submitted
s2: processing
s2: processing
s2: processing
s2: processing
s2: processing
s2: processing
s2: processing
s2: processing
s2: processing
s2: processing
s2: processing
s2: processing
s2: processing
s2: processing
s2: processing
s2: processing
s2: processing
s2: processing
s2: processing
s2: processing
s2: processing
s2: processing
s2: processing
s2: processing
s2: processing
s2: processing
s2: processing
s2: processing
s2: processing
s2: processing
s2: succeed
DONE s2
Generating shot 3...
s3: submitted
s3: submitted
s3: submitted
s3: submitted
s3: submitted
s3: submitted
s3: submitted
s3: submitted
s3: submitted
s3: submitted
s3: submitted
s3: submitted
s3: submitted
s3: submitted
s3: submitted
s3: submitted
s3: submitted
s3: submitted
s3: submitted
s3: submitted
s3: submitted
s3: submitted
s3: submitted
s3: submitted
s3: submitted
s3: submitted
s3: submitted
s3: submitted
s3: submitted
s3: submitted
s3: processing
s3: processing
s3: processing
s3: processing
s3: processing
s3: processing
s3: processing
s3: processing
s3: processing
s3: processing
s3: processing
s3: processing
s3: processing
s3: processing
s3: processing
s3: processing
s3: processing
s3: processing
s3: processing
s3: processing
s3: succeed
DONE s3
ALL DONE
##### legend-strongman-en #####
Generating shot 1...
s1: submitted
s1: submitted
s1: submitted
s1: submitted
s1: submitted
s1: submitted
s1: submitted
s1: submitted
s1: submitted
s1: submitted
s1: processing
s1: processing
s1: processing
s1: processing
s1: processing
s1: processing
s1: processing
s1: processing
s1: processing
s1: processing
s1: processing
s1: processing
s1: processing
s1: processing
s1: processing
s1: succeed
DONE s1
Generating shot 2...
s2: submitted
s2: processing
s2: processing
s2: processing
s2: processing
s2: processing
s2: processing
s2: processing
s2: processing
s2: processing
s2: processing
s2: processing
s2: processing
s2: processing
s2: succeed
DONE s2
Generating shot 3...
s3: submitted
s3: processing
s3: processing
s3: processing
s3: processing
s3: processing
s3: processing
s3: processing
s3: processing
s3: processing
s3: processing
s3: processing
s3: processing
s3: processing
s3: succeed
DONE s3
ALL DONE
##### legend-thracian-en #####
Generating shot 1...
s1: submitted
s1: processing
s1: processing
s1: processing
s1: processing
s1: processing
s1: processing
s1: processing
s1: processing
s1: processing
s1: processing
s1: processing
s1: processing
s1: succeed
DONE s1
Generating shot 2...
s2: submitted
s2: processing
s2: processing
s2: processing
s2: processing
s2: processing
s2: processing
s2: processing
s2: processing
s2: processing
s2: processing
s2: processing
s2: processing
s2: succeed
DONE s2
Generating shot 3...
s3: submitted
s3: processing
s3: processing
s3: processing
s3: processing
s3: processing
s3: processing
s3: processing
s3: processing
s3: processing
s3: processing
s3: processing
s3: processing
s3: processing
s3: processing
s3: processing
s3: succeed
DONE s3
ALL DONE
