Producing krava/thickness-test-en (en)
Generating ElevenLabs voiceover...
Voiceover written: brands/krava/assets/vo/thickness-test-en.mp3
Generating Kling shot 1 (5s)...
shot 1: submitted
shot 1: processing
shot 1: processing
shot 1: processing
shot 1: processing
shot 1: processing
shot 1: processing
shot 1: processing
shot 1: processing
shot 1: processing
shot 1: processing
shot 1: processing
shot 1: processing
shot 1: processing
shot 1: succeed
Clip 1 written: brands/krava/assets/clips/thickness-test-en/s1.mp4
Generating Kling shot 2 (5s)...
shot 2: submitted
shot 2: processing
shot 2: processing
shot 2: processing
shot 2: processing
shot 2: processing
shot 2: processing
shot 2: processing
shot 2: processing
shot 2: processing
shot 2: processing
shot 2: processing
shot 2: processing
shot 2: processing
shot 2: processing
shot 2: succeed
Clip 2 written: brands/krava/assets/clips/thickness-test-en/s2.mp4
Generating Kling shot 3 (5s)...
shot 3: submitted
shot 3: processing
shot 3: processing
shot 3: processing
shot 3: processing
shot 3: processing
shot 3: processing
shot 3: processing
shot 3: processing
shot 3: processing
shot 3: processing
shot 3: processing
shot 3: processing
shot 3: processing
shot 3: processing
shot 3: processing
shot 3: succeed
Clip 3 written: brands/krava/assets/clips/thickness-test-en/s3.mp4
Captions written: brands/krava/output/thickness-test-en.ass
Assembling final reel...
Done: brands/krava/output/thickness-test-en.mp4
