Producing krava/thickness-test-en (en)
Reusing voiceover: brands/krava/assets/vo/thickness-test-en.mp3
Generating Kling shot 1 (5s)...
shot 1: submitted
shot 1: processing
shot 1: processing
shot 1: processing
shot 1: processing
shot 1: processing
shot 1: processing
shot 1: processing
shot 1: processing
shot 1: processing
shot 1: processing
shot 1: succeed
Clip 1 written: brands/krava/assets/clips/thickness-test-en/s1.mp4
Reusing clip 2: brands/krava/assets/clips/thickness-test-en/s2.mp4
Reusing clip 3: brands/krava/assets/clips/thickness-test-en/s3.mp4
Captions written: brands/krava/output/thickness-test-en.ass
Assembling final reel...
Done: brands/krava/output/thickness-test-en.mp4
